P12_SEMANTIC_AUDIT contradictions pkg012.contradiction.000001 => pkg012.qa.000035 topic=direct_monitoring basis=semantic_topic_without_card_source_overlap
P12_SEMANTIC_AUDIT contradictions pkg012.contradiction.000002 => pkg012.qa.000053 topic=low_latency_mode basis=source_provenance_plus_topic_terms
P12_SEMANTIC_AUDIT contradictions pkg012.contradiction.000003 => pkg012.qa.000067 topic=recording_delay_offset basis=source_provenance_plus_topic_terms
P12_SEMANTIC_AUDIT contradictions pkg012.contradiction.000004 => pkg012.qa.000097 topic=sample_rate_latency_tradeoff basis=semantic_topic_without_card_source_overlap
P12_SEMANTIC_AUDIT contradictions pkg012.contradiction.000005 => pkg012.qa.000027 topic=software_monitoring basis=source_provenance_plus_topic_terms
P12_SEMANTIC_AUDIT contradictions pkg012.contradiction.000006 => pkg012.qa.000087 topic=large_project_latency basis=semantic_topic_without_card_source_overlap
P12_SEMANTIC_AUDIT contradictions pkg012.contradiction.000007 => pkg012.qa.000078 topic=midi_vs_audio_latency basis=source_provenance_plus_topic_terms
P12_SEMANTIC_AUDIT contradictions pkg012.contradiction.000008 => pkg012.qa.000047 topic=plugin_latency basis=semantic_topic_without_card_source_overlap
P12_SEMANTIC_AUDIT contradictions pkg012.contradiction.000009 => pkg012.qa.000057 topic=low_latency_mode basis=semantic_topic_without_card_source_overlap
P12_SEMANTIC_AUDIT contradictions pkg012.contradiction.000010 => pkg012.qa.000113 topic=latency_troubleshooting_path basis=semantic_topic_without_card_source_overlap
P12_SEMANTIC_AUDIT contradictions pkg012.contradiction.000011 => pkg012.qa.000119 topic=latency_troubleshooting_path basis=source_provenance_plus_topic_terms
P12_SEMANTIC_AUDIT contradictions pkg012.contradiction.000012 => pkg012.qa.000020 topic=round_trip_latency basis=semantic_topic_without_card_source_overlap
P12_SEMANTIC_AUDIT contradictions pkg012.contradiction.000013 => pkg012.qa.000063 topic=recording_delay_offset basis=semantic_topic_without_card_source_overlap
P12_SEMANTIC_AUDIT contradictions pkg012.contradiction.000014 => pkg012.qa.000154 topic=mono_vs_stereo_input basis=semantic_topic_without_card_source_overlap
P12_SEMANTIC_AUDIT contradictions pkg012.contradiction.000015 => pkg012.qa.000034 topic=direct_monitoring basis=source_provenance_plus_topic_terms
P12_SEMANTIC_AUDIT contradictions pkg012.contradiction.000016 => pkg012.qa.000166 topic=dry_vs_processed_monitoring basis=source_provenance_plus_topic_terms
P12_SEMANTIC_AUDIT contradictions pkg012.contradiction.000017 => pkg012.qa.000187 topic=input_gain_vs_track_volume basis=semantic_topic_without_card_source_overlap
P12_SEMANTIC_AUDIT contradictions pkg012.contradiction.000018 => pkg012.qa.000150 topic=input_monitoring_button basis=semantic_topic_without_card_source_overlap
P12_SEMANTIC_AUDIT contradictions pkg012.contradiction.000019 => pkg012.qa.000207 topic=monitoring_through_buses basis=semantic_topic_without_card_source_overlap
P12_SEMANTIC_AUDIT contradictions pkg012.contradiction.000020 => pkg012.qa.000227 topic=aggregate_device_and_channel_numbering basis=semantic_topic_without_card_source_overlap
P12_SEMANTIC_AUDIT contradictions pkg012.contradiction.000021 => pkg012.qa.000213 topic=phantom_power_and_hardware_path basis=source_provenance_plus_topic_terms
P12_SEMANTIC_AUDIT contradictions pkg012.contradiction.000022 => pkg012.qa.000137 topic=record_enable basis=source_provenance_plus_topic_terms
P12_SEMANTIC_AUDIT contradictions pkg012.contradiction.000023 => pkg012.qa.000168 topic=dry_vs_processed_monitoring basis=semantic_topic_without_card_source_overlap
P12_SEMANTIC_AUDIT contradictions pkg012.contradiction.000024 => pkg012.qa.000182 topic=input_gain_vs_track_volume basis=source_provenance_plus_topic_terms
P12_SEMANTIC_AUDIT contradictions pkg012.contradiction.000025 => pkg012.qa.000239 topic=signal_flow_troubleshooting basis=semantic_topic_without_card_source_overlap
P12_SEMANTIC_AUDIT contradictions pkg012.contradiction.000026 => pkg012.qa.000112 topic=latency_troubleshooting_path basis=semantic_topic_without_card_source_overlap
P12_SEMANTIC_AUDIT contradictions pkg012.contradiction.000027 => pkg012.qa.000262 topic=audition_individual_takes basis=semantic_topic_without_card_source_overlap
P12_SEMANTIC_AUDIT contradictions pkg012.contradiction.000028 => pkg012.qa.000252 topic=quick_swipe_comping basis=source_provenance_plus_topic_terms
P12_SEMANTIC_AUDIT contradictions pkg012.contradiction.000029 => pkg012.qa.000347 topic=take_folder_crossfades basis=semantic_topic_without_card_source_overlap
P12_SEMANTIC_AUDIT contradictions pkg012.contradiction.000030 => pkg012.qa.000297 topic=flatten_take_folder basis=semantic_topic_without_card_source_overlap
P12_SEMANTIC_AUDIT contradictions pkg012.contradiction.000031 => pkg012.qa.000309 topic=flatten_and_merge basis=semantic_topic_without_card_source_overlap
P12_SEMANTIC_AUDIT contradictions pkg012.contradiction.000032 => pkg012.qa.000312 topic=unpack_take_folder basis=semantic_topic_without_card_source_overlap
P12_SEMANTIC_AUDIT contradictions pkg012.contradiction.000033 => pkg012.qa.000339 topic=comping_timing_tuning_order basis=source_provenance_plus_topic_terms
P12_SEMANTIC_AUDIT contradictions pkg012.contradiction.000034 => pkg012.qa.000264 topic=audition_individual_takes basis=semantic_topic_without_card_source_overlap
P12_SEMANTIC_AUDIT contradictions pkg012.contradiction.000035 => pkg012.qa.000284 topic=duplicate_comps basis=semantic_topic_without_card_source_overlap
P12_SEMANTIC_AUDIT contradictions pkg012.contradiction.000036 => pkg012.qa.000257 topic=quick_swipe_comping basis=semantic_topic_without_card_source_overlap
P12_SEMANTIC_AUDIT contradictions pkg012.contradiction.000037 => pkg012.qa.000329 topic=preserve_originals basis=semantic_topic_without_card_source_overlap
P12_SEMANTIC_AUDIT contradictions pkg012.contradiction.000038 => pkg012.qa.000276 topic=edit_comp_boundaries basis=semantic_topic_without_card_source_overlap
P12_SEMANTIC_AUDIT contradictions pkg012.contradiction.000039 => pkg012.qa.000247 topic=automatic_take_folder_creation basis=source_provenance_plus_topic_terms
P12_SEMANTIC_AUDIT contradictions pkg012.contradiction.000040 => pkg012.qa.000367 topic=cycle_recording_audio basis=semantic_topic_without_card_source_overlap
P12_SEMANTIC_AUDIT contradictions pkg012.contradiction.000041 => pkg012.qa.000396 topic=auto_punch_range basis=semantic_topic_without_card_source_overlap
P12_SEMANTIC_AUDIT contradictions pkg012.contradiction.000042 => pkg012.qa.000417 topic=replace_single_word_or_note basis=semantic_topic_without_card_source_overlap
P12_SEMANTIC_AUDIT contradictions pkg012.contradiction.000043 => pkg012.qa.000427 topic=count_in basis=semantic_topic_without_card_source_overlap
P12_SEMANTIC_AUDIT contradictions pkg012.contradiction.000044 => pkg012.qa.000458 topic=replace_mode_risk basis=semantic_topic_without_card_source_overlap
P12_SEMANTIC_AUDIT contradictions pkg012.contradiction.000045 => pkg012.qa.000375 topic=cycle_recording_midi basis=semantic_topic_without_card_source_overlap
P12_SEMANTIC_AUDIT contradictions pkg012.contradiction.000046 => pkg012.qa.000387 topic=cycle_take_folder_preference basis=semantic_topic_without_card_source_overlap
P12_SEMANTIC_AUDIT contradictions pkg012.contradiction.000047 => pkg012.qa.000467 topic=punch_crossfade_cleanup basis=semantic_topic_without_card_source_overlap
P12_SEMANTIC_AUDIT contradictions pkg012.contradiction.000048 => pkg012.qa.000478 topic=punch_timing_monitoring basis=semantic_topic_without_card_source_overlap
P12_SEMANTIC_AUDIT contradictions pkg012.contradiction.000049 => pkg012.qa.000066 topic=recording_delay_offset basis=semantic_topic_without_card_source_overlap
P12_SEMANTIC_AUDIT contradictions pkg012.contradiction.000050 => pkg012.qa.000141 topic=input_monitoring_button basis=semantic_topic_without_card_source_overlap
P12_SEMANTIC_AUDIT contradictions pkg012.contradiction.000051 => pkg012.qa.000432 topic=pre_roll basis=semantic_topic_without_card_source_overlap
P12_SEMANTIC_AUDIT contradictions pkg012.contradiction.000052 => pkg012.qa.000322 topic=preserve_originals basis=semantic_topic_without_card_source_overlap
P12_SEMANTIC_AUDIT myths pkg012.myth.000001 => pkg012.qa.000017 topic=round_trip_latency basis=source_provenance_plus_topic_terms
P12_SEMANTIC_AUDIT myths pkg012.myth.000002 => pkg012.qa.000003 topic=io_buffer_size basis=semantic_topic_without_card_source_overlap
P12_SEMANTIC_AUDIT myths pkg012.myth.000003 => pkg012.qa.000053 topic=low_latency_mode basis=semantic_topic_without_card_source_overlap
P12_SEMANTIC_AUDIT myths pkg012.myth.000004 => pkg012.qa.000046 topic=plugin_latency basis=source_provenance_plus_topic_terms
P12_SEMANTIC_AUDIT myths pkg012.myth.000005 => pkg012.qa.000069 topic=recording_delay_offset basis=semantic_topic_without_card_source_overlap
P12_SEMANTIC_AUDIT myths pkg012.myth.000006 => pkg012.qa.000077 topic=midi_vs_audio_latency basis=semantic_topic_without_card_source_overlap
P12_SEMANTIC_AUDIT myths pkg012.myth.000007 => pkg012.qa.000087 topic=large_project_latency basis=semantic_topic_without_card_source_overlap
P12_SEMANTIC_AUDIT myths pkg012.myth.000008 => pkg012.qa.000037 topic=direct_monitoring basis=semantic_topic_without_card_source_overlap
P12_SEMANTIC_AUDIT myths pkg012.myth.000009 => pkg012.qa.000099 topic=sample_rate_latency_tradeoff basis=source_provenance_plus_topic_terms
P12_SEMANTIC_AUDIT myths pkg012.myth.000010 => pkg012.qa.000049 topic=plugin_latency basis=source_provenance_plus_topic_terms
P12_SEMANTIC_AUDIT myths pkg012.myth.000011 => pkg012.qa.000067 topic=recording_delay_offset basis=semantic_topic_without_card_source_overlap
P12_SEMANTIC_AUDIT myths pkg012.myth.000012 => pkg012.qa.000023 topic=software_monitoring basis=semantic_topic_without_card_source_overlap
P12_SEMANTIC_AUDIT myths pkg012.myth.000013 => pkg012.qa.000103 topic=duplicate_monitoring_delay basis=source_provenance_plus_topic_terms
P12_SEMANTIC_AUDIT myths pkg012.myth.000014 => pkg012.qa.000013 topic=round_trip_latency basis=semantic_topic_without_card_source_overlap
P12_SEMANTIC_AUDIT myths pkg012.myth.000015 => pkg012.qa.000112 topic=latency_troubleshooting_path basis=semantic_topic_without_card_source_overlap
P12_SEMANTIC_AUDIT myths pkg012.myth.000016 => pkg012.qa.000063 topic=recording_delay_offset basis=semantic_topic_without_card_source_overlap
P12_SEMANTIC_AUDIT myths pkg012.myth.000017 => pkg012.qa.000197 topic=signal_but_no_sound basis=semantic_topic_without_card_source_overlap
P12_SEMANTIC_AUDIT myths pkg012.myth.000018 => pkg012.qa.000147 topic=input_monitoring_button basis=semantic_topic_without_card_source_overlap
P12_SEMANTIC_AUDIT myths pkg012.myth.000019 => pkg012.qa.000158 topic=mono_vs_stereo_input basis=semantic_topic_without_card_source_overlap
P12_SEMANTIC_AUDIT myths pkg012.myth.000020 => pkg012.qa.000159 topic=mono_vs_stereo_input basis=semantic_topic_without_card_source_overlap
P12_SEMANTIC_AUDIT myths pkg012.myth.000021 => pkg012.qa.000187 topic=input_gain_vs_track_volume basis=source_provenance_plus_topic_terms
P12_SEMANTIC_AUDIT myths pkg012.myth.000022 => pkg012.qa.000137 topic=record_enable basis=source_provenance_plus_topic_terms
P12_SEMANTIC_AUDIT myths pkg012.myth.000023 => pkg012.qa.000177 topic=duplicate_monitoring_signal_flow basis=source_provenance_plus_topic_terms
P12_SEMANTIC_AUDIT myths pkg012.myth.000024 => pkg012.qa.000166 topic=dry_vs_processed_monitoring basis=semantic_topic_without_card_source_overlap
P12_SEMANTIC_AUDIT myths pkg012.myth.000025 => pkg012.qa.000217 topic=phantom_power_and_hardware_path basis=semantic_topic_without_card_source_overlap
P12_SEMANTIC_AUDIT myths pkg012.myth.000026 => pkg012.qa.000223 topic=aggregate_device_and_channel_numbering basis=semantic_topic_without_card_source_overlap
P12_SEMANTIC_AUDIT myths pkg012.myth.000027 => pkg012.qa.000143 topic=input_monitoring_button basis=semantic_topic_without_card_source_overlap
P12_SEMANTIC_AUDIT myths pkg012.myth.000028 => pkg012.qa.000232 topic=signal_flow_troubleshooting basis=semantic_topic_without_card_source_overlap
P12_SEMANTIC_AUDIT myths pkg012.myth.000029 => pkg012.qa.000156 topic=mono_vs_stereo_input basis=semantic_topic_without_card_source_overlap
P12_SEMANTIC_AUDIT myths pkg012.myth.000030 => pkg012.qa.000207 topic=monitoring_through_buses basis=semantic_topic_without_card_source_overlap
P12_SEMANTIC_AUDIT myths pkg012.myth.000031 => pkg012.qa.000239 topic=signal_flow_troubleshooting basis=semantic_topic_without_card_source_overlap
P12_SEMANTIC_AUDIT myths pkg012.myth.000032 => pkg012.qa.000204 topic=monitoring_through_buses basis=source_provenance_plus_topic_terms
P12_SEMANTIC_AUDIT myths pkg012.myth.000033 => pkg012.qa.000247 topic=automatic_take_folder_creation basis=source_provenance_plus_topic_terms
P12_SEMANTIC_AUDIT myths pkg012.myth.000034 => pkg012.qa.000257 topic=quick_swipe_comping basis=source_provenance_plus_topic_terms
P12_SEMANTIC_AUDIT myths pkg012.myth.000035 => pkg012.qa.000261 topic=audition_individual_takes basis=source_provenance_plus_topic_terms
P12_SEMANTIC_AUDIT myths pkg012.myth.000036 => pkg012.qa.000258 topic=quick_swipe_comping basis=semantic_topic_without_card_source_overlap
P12_SEMANTIC_AUDIT myths pkg012.myth.000037 => pkg012.qa.000347 topic=take_folder_crossfades basis=source_provenance_plus_topic_terms
P12_SEMANTIC_AUDIT myths pkg012.myth.000038 => pkg012.qa.000308 topic=flatten_and_merge basis=semantic_topic_without_card_source_overlap
P12_SEMANTIC_AUDIT myths pkg012.myth.000039 => pkg012.qa.000313 topic=unpack_take_folder basis=semantic_topic_without_card_source_overlap
P12_SEMANTIC_AUDIT myths pkg012.myth.000040 => pkg012.qa.000337 topic=comping_timing_tuning_order basis=semantic_topic_without_card_source_overlap
P12_SEMANTIC_AUDIT myths pkg012.myth.000041 => pkg012.qa.000262 topic=audition_individual_takes basis=source_provenance_plus_topic_terms
P12_SEMANTIC_AUDIT myths pkg012.myth.000042 => pkg012.qa.000289 topic=duplicate_comps basis=semantic_topic_without_card_source_overlap
P12_SEMANTIC_AUDIT myths pkg012.myth.000043 => pkg012.qa.000293 topic=flatten_take_folder basis=semantic_topic_without_card_source_overlap
P12_SEMANTIC_AUDIT myths pkg012.myth.000044 => pkg012.qa.000271 topic=edit_comp_boundaries basis=semantic_topic_without_card_source_overlap
P12_SEMANTIC_AUDIT myths pkg012.myth.000045 => pkg012.qa.000256 topic=quick_swipe_comping basis=semantic_topic_without_card_source_overlap
P12_SEMANTIC_AUDIT myths pkg012.myth.000046 => pkg012.qa.000325 topic=preserve_originals basis=semantic_topic_without_card_source_overlap
P12_SEMANTIC_AUDIT myths pkg012.myth.000047 => pkg012.qa.000349 topic=take_folder_crossfades basis=semantic_topic_without_card_source_overlap
P12_SEMANTIC_AUDIT myths pkg012.myth.000048 => pkg012.qa.000276 topic=edit_comp_boundaries basis=source_provenance_plus_topic_terms
P12_SEMANTIC_AUDIT myths pkg012.myth.000049 => pkg012.qa.000386 topic=cycle_take_folder_preference basis=semantic_topic_without_card_source_overlap
P12_SEMANTIC_AUDIT myths pkg012.myth.000050 => pkg012.qa.000379 topic=cycle_recording_midi basis=semantic_topic_without_card_source_overlap
P12_SEMANTIC_AUDIT myths pkg012.myth.000051 => pkg012.qa.000391 topic=auto_punch_range basis=source_provenance_plus_topic_terms
P12_SEMANTIC_AUDIT myths pkg012.myth.000052 => pkg012.qa.000417 topic=replace_single_word_or_note basis=semantic_topic_without_card_source_overlap
P12_SEMANTIC_AUDIT myths pkg012.myth.000053 => pkg012.qa.000427 topic=count_in basis=semantic_topic_without_card_source_overlap
P12_SEMANTIC_AUDIT myths pkg012.myth.000054 => pkg012.qa.000403 topic=manual_punch_in_out basis=semantic_topic_without_card_source_overlap
P12_SEMANTIC_AUDIT myths pkg012.myth.000055 => pkg012.qa.000453 topic=replace_mode_risk basis=semantic_topic_without_card_source_overlap
P12_SEMANTIC_AUDIT myths pkg012.myth.000056 => pkg012.qa.000474 topic=punch_timing_monitoring basis=source_provenance_plus_topic_terms
P12_SEMANTIC_AUDIT myths pkg012.myth.000057 => pkg012.qa.000467 topic=punch_crossfade_cleanup basis=semantic_topic_without_card_source_overlap
P12_SEMANTIC_AUDIT myths pkg012.myth.000058 => pkg012.qa.000433 topic=pre_roll basis=source_provenance_plus_topic_terms
P12_SEMANTIC_AUDIT myths pkg012.myth.000059 => pkg012.qa.000363 topic=cycle_recording_audio basis=semantic_topic_without_card_source_overlap
P12_SEMANTIC_AUDIT myths pkg012.myth.000060 => pkg012.qa.000420 topic=replace_single_word_or_note basis=semantic_topic_without_card_source_overlap
P12_SEMANTIC_AUDIT myths pkg012.myth.000061 => pkg012.qa.000297 topic=flatten_take_folder basis=semantic_topic_without_card_source_overlap
P12_SEMANTIC_AUDIT myths pkg012.myth.000062 => pkg012.qa.000145 topic=input_monitoring_button basis=semantic_topic_without_card_source_overlap
P12_SEMANTIC_AUDIT myths pkg012.myth.000063 => pkg012.qa.000396 topic=auto_punch_range basis=source_provenance_plus_topic_terms
P12_SEMANTIC_AUDIT myths pkg012.myth.000064 => pkg012.qa.000062 topic=recording_delay_offset basis=semantic_topic_without_card_source_overlap
P12_CONTRACT_ARTIFACT_OK dependencies=11 contradictions=52 myths=64 reviewedSentinels=pkg012.qa.000035,pkg012.qa.000309,pkg012.qa.000147,pkg012.qa.000427
