P011_SEMANTIC_AUDIT pkg011.contradiction.000001 tempo_authority_decision => pkg011.qa.000010 (semantic_topic_without_card_source_overlap)
P011_SEMANTIC_AUDIT pkg011.contradiction.000002 automatic_project_tempo_mode => pkg011.qa.000039 (source_provenance_plus_topic_terms)
P011_SEMANTIC_AUDIT pkg011.contradiction.000003 free_tempo_recording => pkg011.qa.000059 (semantic_topic_without_card_source_overlap)
P011_SEMANTIC_AUDIT pkg011.contradiction.000004 detect_audio_tempo => pkg011.qa.000086 (semantic_topic_without_card_source_overlap)
P011_SEMANTIC_AUDIT pkg011.contradiction.000005 region_length_locators_bpm => pkg011.qa.000420 (semantic_topic_without_card_source_overlap)
P011_SEMANTIC_AUDIT pkg011.contradiction.000006 gradual_drift_correction => pkg011.qa.000214 (source_provenance_plus_topic_terms)
P011_SEMANTIC_AUDIT pkg011.contradiction.000007 gradual_drift_correction => pkg011.qa.000219 (source_provenance_plus_topic_terms)
P011_SEMANTIC_AUDIT pkg011.contradiction.000008 apply_region_tempo_to_project => pkg011.qa.000232 (semantic_topic_without_card_source_overlap)
P011_SEMANTIC_AUDIT pkg011.contradiction.000009 maintain_relative_positions => pkg011.qa.000260 (semantic_topic_without_card_source_overlap)
P011_SEMANTIC_AUDIT pkg011.contradiction.000010 wrong_imported_tempo_metadata => pkg011.qa.000279 (semantic_topic_without_card_source_overlap)
P011_SEMANTIC_AUDIT pkg011.contradiction.000011 flex_follow_region_behavior => pkg011.qa.000310 (semantic_topic_without_card_source_overlap)
P011_SEMANTIC_AUDIT pkg011.contradiction.000012 bars_vs_beats_alignment => pkg011.qa.000319 (semantic_topic_without_card_source_overlap)
P011_SEMANTIC_AUDIT pkg011.contradiction.000013 beat_vs_transient_markers => pkg011.qa.000170 (semantic_topic_without_card_source_overlap)
P011_SEMANTIC_AUDIT pkg011.contradiction.000014 downbeat_hints => pkg011.qa.000124 (semantic_topic_without_card_source_overlap)
P011_SEMANTIC_AUDIT pkg011.contradiction.000015 half_double_tempo => pkg011.qa.000189 (source_provenance_plus_topic_terms)
P011_SEMANTIC_AUDIT pkg011.contradiction.000016 move_individual_beat_marker => pkg011.qa.000192 (semantic_topic_without_card_source_overlap)
P011_SEMANTIC_AUDIT pkg011.contradiction.000017 beat_hints => pkg011.qa.000134 (semantic_topic_without_card_source_overlap)
P011_SEMANTIC_AUDIT pkg011.contradiction.000018 reanalyze_remove_edits => pkg011.qa.000225 (semantic_topic_without_card_source_overlap)
P011_SEMANTIC_AUDIT pkg011.contradiction.000019 lock_analyzed_range => pkg011.qa.000154 (semantic_topic_without_card_source_overlap)
P011_SEMANTIC_AUDIT pkg011.contradiction.000020 multitrack_downmix_reference => pkg011.qa.000339 (source_provenance_plus_topic_terms)
P011_SEMANTIC_AUDIT pkg011.contradiction.000021 multitrack_downmix_reference => pkg011.qa.000334 (semantic_topic_without_card_source_overlap)
P011_SEMANTIC_AUDIT pkg011.contradiction.000022 free_tempo_recording => pkg011.qa.000060 (source_provenance_plus_topic_terms)
P011_SEMANTIC_AUDIT pkg011.contradiction.000023 record_multitrack_without_click => pkg011.qa.000345 (semantic_topic_without_card_source_overlap)
P011_SEMANTIC_AUDIT pkg011.contradiction.000024 downbeat_hints => pkg011.qa.000126 (semantic_topic_without_card_source_overlap)
P011_SEMANTIC_AUDIT pkg011.contradiction.000025 smart_tempo_editor_overview => pkg011.qa.000110 (semantic_topic_without_card_source_overlap)
P011_SEMANTIC_AUDIT pkg011.contradiction.000026 gradual_tempo_curves => pkg011.qa.000369 (semantic_topic_without_card_source_overlap)
P011_SEMANTIC_AUDIT pkg011.contradiction.000027 tempo_list_granularity => pkg011.qa.000374 (semantic_topic_without_card_source_overlap)
P011_SEMANTIC_AUDIT pkg011.contradiction.000028 tempo_sets => pkg011.qa.000384 (semantic_topic_without_card_source_overlap)
P011_SEMANTIC_AUDIT pkg011.contradiction.000029 tempo_operations => pkg011.qa.000400 (semantic_topic_without_card_source_overlap)
P011_SEMANTIC_AUDIT pkg011.contradiction.000030 tap_tempo_interpreter => pkg011.qa.000406 (semantic_topic_without_card_source_overlap)
P011_SEMANTIC_AUDIT pkg011.contradiction.000031 gradual_drift_correction => pkg011.qa.000220 (semantic_topic_without_card_source_overlap)
P011_SEMANTIC_AUDIT pkg011.contradiction.000032 mixed_meter_mapping => pkg011.qa.000435 (semantic_topic_without_card_source_overlap)
P011_SEMANTIC_AUDIT pkg011.contradiction.000033 reanalyze_remove_edits => pkg011.qa.000226 (semantic_topic_without_card_source_overlap)
P011_SEMANTIC_AUDIT pkg011.contradiction.000034 imported_loop_different_bpm => pkg011.qa.000284 (semantic_topic_without_card_source_overlap)
P011_SEMANTIC_AUDIT pkg011.contradiction.000035 bars_vs_beats_alignment => pkg011.qa.000317 (semantic_topic_without_card_source_overlap)
P011_SEMANTIC_AUDIT pkg011.contradiction.000036 imported_loop_different_bpm => pkg011.qa.000286 (semantic_topic_without_card_source_overlap)
P011_SEMANTIC_AUDIT pkg011.contradiction.000037 apply_region_tempo_to_project => pkg011.qa.000240 (source_provenance_plus_topic_terms)
P011_SEMANTIC_AUDIT pkg011.contradiction.000038 adapt_region_edit_side_effects => pkg011.qa.000264 (semantic_topic_without_card_source_overlap)
P011_SEMANTIC_AUDIT pkg011.contradiction.000039 gradual_drift_correction => pkg011.qa.000216 (semantic_topic_without_card_source_overlap)
P011_SEMANTIC_AUDIT pkg011.contradiction.000040 beat_vs_transient_markers => pkg011.qa.000169 (semantic_topic_without_card_source_overlap)
P011_SEMANTIC_AUDIT pkg011.contradiction.000041 tempo_synced_dependents => pkg011.qa.000424 (semantic_topic_without_card_source_overlap)
P011_SEMANTIC_AUDIT pkg011.contradiction.000042 tempo_synced_dependents => pkg011.qa.000425 (semantic_topic_without_card_source_overlap)
P011_SEMANTIC_AUDIT pkg011.contradiction.000043 detect_midi_performance_tempo => pkg011.qa.000096 (source_provenance_plus_topic_terms)
P011_SEMANTIC_AUDIT pkg011.contradiction.000044 wrong_downbeat_correction => pkg011.qa.000179 (semantic_topic_without_card_source_overlap)
P011_SEMANTIC_AUDIT pkg011.contradiction.000045 gradual_drift_correction => pkg011.qa.000213 (semantic_topic_without_card_source_overlap)
P011_SEMANTIC_AUDIT pkg011.contradiction.000046 tempo_track_points => pkg011.qa.000356 (semantic_topic_without_card_source_overlap)
P011_SEMANTIC_AUDIT pkg011.contradiction.000047 recover_changed_speed_import => pkg011.qa.000442 (semantic_topic_without_card_source_overlap)
P011_SEMANTIC_AUDIT pkg011.contradiction.000048 record_multitrack_without_click => pkg011.qa.000350 (source_provenance_plus_topic_terms)
P011_SEMANTIC_AUDIT pkg011.contradiction.000049 detect_audio_tempo => pkg011.qa.000083 (semantic_topic_without_card_source_overlap)
P011_SEMANTIC_AUDIT pkg011.contradiction.000050 preview_with_metronome => pkg011.qa.000111 (semantic_topic_without_card_source_overlap)
P011_SEMANTIC_AUDIT pkg011.myth.000001 tempo_authority_decision => pkg011.qa.000007 (semantic_topic_without_card_source_overlap)
P011_SEMANTIC_AUDIT pkg011.myth.000002 keep_project_tempo_mode => pkg011.qa.000019 (semantic_topic_without_card_source_overlap)
P011_SEMANTIC_AUDIT pkg011.myth.000003 adapt_region_edit_side_effects => pkg011.qa.000269 (semantic_topic_without_card_source_overlap)
P011_SEMANTIC_AUDIT pkg011.myth.000004 automatic_project_tempo_mode => pkg011.qa.000033 (semantic_topic_without_card_source_overlap)
P011_SEMANTIC_AUDIT pkg011.myth.000005 detect_audio_tempo => pkg011.qa.000089 (semantic_topic_without_card_source_overlap)
P011_SEMANTIC_AUDIT pkg011.myth.000006 flex_follow_region_behavior => pkg011.qa.000305 (semantic_topic_without_card_source_overlap)
P011_SEMANTIC_AUDIT pkg011.myth.000007 beat_vs_transient_markers => pkg011.qa.000161 (source_provenance_plus_topic_terms)
P011_SEMANTIC_AUDIT pkg011.myth.000008 beat_hints => pkg011.qa.000140 (semantic_topic_without_card_source_overlap)
P011_SEMANTIC_AUDIT pkg011.myth.000009 beat_hints => pkg011.qa.000139 (semantic_topic_without_card_source_overlap)
P011_SEMANTIC_AUDIT pkg011.myth.000010 half_double_tempo => pkg011.qa.000188 (semantic_topic_without_card_source_overlap)
P011_SEMANTIC_AUDIT pkg011.myth.000011 wrong_downbeat_correction => pkg011.qa.000173 (semantic_topic_without_card_source_overlap)
P011_SEMANTIC_AUDIT pkg011.myth.000012 downbeat_hints => pkg011.qa.000122 (semantic_topic_without_card_source_overlap)
P011_SEMANTIC_AUDIT pkg011.myth.000013 beat_hints => pkg011.qa.000135 (semantic_topic_without_card_source_overlap)
P011_SEMANTIC_AUDIT pkg011.myth.000014 lock_analyzed_range => pkg011.qa.000155 (semantic_topic_without_card_source_overlap)
P011_SEMANTIC_AUDIT pkg011.myth.000015 reanalyze_remove_edits => pkg011.qa.000230 (semantic_topic_without_card_source_overlap)
P011_SEMANTIC_AUDIT pkg011.myth.000016 apply_region_tempo_to_project => pkg011.qa.000235 (semantic_topic_without_card_source_overlap)
P011_SEMANTIC_AUDIT pkg011.myth.000017 apply_project_tempo_to_region => pkg011.qa.000249 (semantic_topic_without_card_source_overlap)
P011_SEMANTIC_AUDIT pkg011.myth.000018 maintain_relative_positions => pkg011.qa.000254 (semantic_topic_without_card_source_overlap)
P011_SEMANTIC_AUDIT pkg011.myth.000019 wrong_imported_tempo_metadata => pkg011.qa.000280 (semantic_topic_without_card_source_overlap)
P011_SEMANTIC_AUDIT pkg011.myth.000020 recover_changed_speed_import => pkg011.qa.000445 (semantic_topic_without_card_source_overlap)
P011_SEMANTIC_AUDIT pkg011.myth.000021 flex_follow_region_behavior => pkg011.qa.000309 (semantic_topic_without_card_source_overlap)
P011_SEMANTIC_AUDIT pkg011.myth.000022 bars_vs_beats_alignment => pkg011.qa.000320 (semantic_topic_without_card_source_overlap)
P011_SEMANTIC_AUDIT pkg011.myth.000023 imported_loop_different_bpm => pkg011.qa.000285 (semantic_topic_without_card_source_overlap)
P011_SEMANTIC_AUDIT pkg011.myth.000024 adapt_project_tempo_mode => pkg011.qa.000023 (semantic_topic_without_card_source_overlap)
P011_SEMANTIC_AUDIT pkg011.myth.000025 detect_audio_tempo => pkg011.qa.000088 (semantic_topic_without_card_source_overlap)
P011_SEMANTIC_AUDIT pkg011.myth.000026 gradual_drift_correction => pkg011.qa.000215 (semantic_topic_without_card_source_overlap)
P011_SEMANTIC_AUDIT pkg011.myth.000027 gradual_drift_correction => pkg011.qa.000218 (semantic_topic_without_card_source_overlap)
P011_SEMANTIC_AUDIT pkg011.myth.000028 gradual_tempo_curves => pkg011.qa.000368 (semantic_topic_without_card_source_overlap)
P011_SEMANTIC_AUDIT pkg011.myth.000029 tempo_track_points => pkg011.qa.000360 (source_provenance_plus_topic_terms)
P011_SEMANTIC_AUDIT pkg011.myth.000030 tempo_sets => pkg011.qa.000389 (semantic_topic_without_card_source_overlap)
P011_SEMANTIC_AUDIT pkg011.myth.000031 tempo_operations => pkg011.qa.000395 (semantic_topic_without_card_source_overlap)
P011_SEMANTIC_AUDIT pkg011.myth.000032 tap_tempo_interpreter => pkg011.qa.000410 (semantic_topic_without_card_source_overlap)
P011_SEMANTIC_AUDIT pkg011.myth.000033 tap_tempo_interpreter => pkg011.qa.000409 (semantic_topic_without_card_source_overlap)
P011_SEMANTIC_AUDIT pkg011.myth.000034 region_length_locators_bpm => pkg011.qa.000417 (semantic_topic_without_card_source_overlap)
P011_SEMANTIC_AUDIT pkg011.myth.000035 multitrack_downmix_reference => pkg011.qa.000340 (semantic_topic_without_card_source_overlap)
P011_SEMANTIC_AUDIT pkg011.myth.000036 multitrack_downmix_reference => pkg011.qa.000336 (semantic_topic_without_card_source_overlap)
P011_SEMANTIC_AUDIT pkg011.myth.000037 multitrack_smart_tempo_analysis => pkg011.qa.000330 (semantic_topic_without_card_source_overlap)
P011_SEMANTIC_AUDIT pkg011.myth.000038 tempo_synced_dependents => pkg011.qa.000423 (semantic_topic_without_card_source_overlap)
P011_SEMANTIC_AUDIT pkg011.myth.000039 tempo_synced_dependents => pkg011.qa.000429 (semantic_topic_without_card_source_overlap)
P011_SEMANTIC_AUDIT pkg011.myth.000040 tempo_synced_dependents => pkg011.qa.000430 (semantic_topic_without_card_source_overlap)
P011_SEMANTIC_AUDIT pkg011.myth.000041 detect_midi_performance_tempo => pkg011.qa.000100 (semantic_topic_without_card_source_overlap)
P011_SEMANTIC_AUDIT pkg011.myth.000042 flex_follow_region_behavior => pkg011.qa.000307 (semantic_topic_without_card_source_overlap)
P011_SEMANTIC_AUDIT pkg011.myth.000043 wrong_downbeat_correction => pkg011.qa.000180 (semantic_topic_without_card_source_overlap)
P011_SEMANTIC_AUDIT pkg011.myth.000044 mixed_meter_mapping => pkg011.qa.000440 (semantic_topic_without_card_source_overlap)
P011_SEMANTIC_AUDIT pkg011.myth.000045 mixed_meter_mapping => pkg011.qa.000439 (semantic_topic_without_card_source_overlap)
P011_SEMANTIC_AUDIT pkg011.myth.000046 preview_with_metronome => pkg011.qa.000120 (semantic_topic_without_card_source_overlap)
P011_SEMANTIC_AUDIT pkg011.myth.000047 gradual_drift_correction => pkg011.qa.000212 (semantic_topic_without_card_source_overlap)
P011_SEMANTIC_AUDIT pkg011.myth.000048 flex_follow_region_behavior => pkg011.qa.000304 (semantic_topic_without_card_source_overlap)
P011_SEMANTIC_AUDIT pkg011.myth.000049 adapt_region_edit_side_effects => pkg011.qa.000263 (semantic_topic_without_card_source_overlap)
P011_SEMANTIC_AUDIT pkg011.myth.000050 adapt_region_edit_side_effects => pkg011.qa.000270 (semantic_topic_without_card_source_overlap)
P011_SEMANTIC_AUDIT pkg011.myth.000051 automatic_project_tempo_mode => pkg011.qa.000038 (semantic_topic_without_card_source_overlap)
P011_SEMANTIC_AUDIT pkg011.myth.000052 free_tempo_recording => pkg011.qa.000054 (semantic_topic_without_card_source_overlap)
P011_SEMANTIC_AUDIT pkg011.myth.000053 record_multitrack_without_click => pkg011.qa.000343 (semantic_topic_without_card_source_overlap)
P011_SEMANTIC_AUDIT pkg011.myth.000054 multitrack_downmix_reference => pkg011.qa.000337 (semantic_topic_without_card_source_overlap)
P011_SEMANTIC_AUDIT pkg011.myth.000055 preview_with_metronome => pkg011.qa.000113 (semantic_topic_without_card_source_overlap)
P011_SEMANTIC_AUDIT pkg011.myth.000056 tempo_track_points => pkg011.qa.000357 (semantic_topic_without_card_source_overlap)
P011_SEMANTIC_AUDIT pkg011.myth.000057 flex_follow_region_behavior => pkg011.qa.000301 (source_provenance_plus_topic_terms)
P011_SEMANTIC_AUDIT pkg011.myth.000058 recover_changed_speed_import => pkg011.qa.000450 (semantic_topic_without_card_source_overlap)
P011_SEMANTIC_AUDIT pkg011.myth.000059 detect_midi_performance_tempo => pkg011.qa.000095 (semantic_topic_without_card_source_overlap)
P011_SEMANTIC_AUDIT pkg011.myth.000060 tempo_track_points => pkg011.qa.000359 (semantic_topic_without_card_source_overlap)
P011_CONTRACT_ARTIFACTS_OK dependencies=10 contradictions=50 myths=60
